Copyright 1986-2022 Xilinx, Inc. All Rights Reserved. Copyright 2022-2025 Advanced Micro Devices, Inc. All Rights Reserved.
---------------------------------------------------------------------------------------------------------------------------------------------
| Tool Version : Vivado v.2025.2 (win64) Build 6299465 Fri Nov 14 19:35:11 GMT 2025
| Date         : Fri Oct  2 20:52:35 2026
| Host         : LAPTOP-V3PP2F49 running 64-bit major release  (build 9200)
| Command      : report_timing -delay_type max -max_paths 10 -file D:/codex_project/sonofield/v3/evidence/task001b/slave/setup.rpt
| Design       : ebaz_slave_serializer_prepcb
| Device       : 7z010-clg400
| Speed File   : -1  PRODUCTION 1.12 2019-11-22
| Design State : Routed
---------------------------------------------------------------------------------------------------------------------------------------------

Timing Report

Slack (MET) :             0.430ns  (required time - arrival time)
  Source:                 sync_valid
                            (input port clocked by received50  {rise@0.000ns fall@10.000ns period=20.000ns})
  Destination:            core/core/g_slave.receiver/decoder/rx_crc_reg[1]/R
                            (rising edge-triggered cell FDRE clocked by g_hw.mmcm_clk  {rise@0.000ns fall@10.000ns period=20.000ns})
  Path Group:             g_hw.mmcm_clk
  Path Type:              Setup (Max at Slow Process Corner)
  Requirement:            10.000ns  (g_hw.mmcm_clk rise@20.000ns - received50 fall@10.000ns)
  Data Path Delay:        3.295ns  (logic 1.660ns (50.382%)  route 1.635ns (49.618%))
  Logic Levels:           2  (IBUF=1 LUT2=1)
  Input Delay:            4.000ns
  Clock Path Skew:        -1.277ns (DCD - SCD + CPR)
    Destination Clock Delay (DCD):    -1.277ns = ( 18.723 - 20.000 ) 
    Source Clock Delay      (SCD):    0.000ns = ( 10.000 - 10.000 ) 
    Clock Pessimism Removal (CPR):    0.000ns
  Clock Uncertainty:      0.474ns  ((TSJ^2 + TIJ^2 + DJ^2)^1/2) / 2 + PE + UU
    Total System Jitter     (TSJ):    0.071ns
    Total Input Jitter      (TIJ):    0.100ns
    Discrete Jitter          (DJ):    0.179ns
    Phase Error              (PE):    0.165ns
    User Uncertainty         (UU):    0.200ns

    Location             Delay type                Incr(ns)  Path(ns)    Netlist Resource(s)
  -------------------------------------------------------------------    -------------------
                         (clock received50 fall edge)
                                                     10.000    10.000 f  
                         input delay                  4.000    14.000    
    M20                                               0.000    14.000 f  sync_valid (IN)
                         net (fo=0)                   0.000    14.000    sync_valid
    M20                  IBUF (Prop_ibuf_I_O)         1.536    15.536 f  sync_valid_IBUF_inst/O
                         net (fo=6, routed)           1.069    16.605    core/core/g_slave.receiver/decoder/sync_valid_IBUF
    SLICE_X42Y90         LUT2 (Prop_lut2_I1_O)        0.124    16.729 r  core/core/g_slave.receiver/decoder/crc[15]_i_1/O
                         net (fo=40, routed)          0.566    17.295    core/core/g_slave.receiver/decoder/crc[15]_i_1_n_0
    SLICE_X42Y93         FDRE                                         r  core/core/g_slave.receiver/decoder/rx_crc_reg[1]/R
  -------------------------------------------------------------------    -------------------

                         (clock g_hw.mmcm_clk rise edge)
                                                     20.000    20.000 r  
    N20                                               0.000    20.000 r  sync_clk (IN)
                         net (fo=0)                   0.000    20.000    core/core/clocks/sync_clk
    N20                  IBUF (Prop_ibuf_I_O)         1.423    21.423 r  core/core/clocks/g_hw.input_buffer/O
                         net (fo=1, routed)           1.162    22.585    core/core/clocks/g_hw.ibuf_clk
    MMCME2_ADV_X0Y0      MMCME2_ADV (Prop_mmcme2_adv_CLKIN1_CLKOUT0)
                                                     -7.118    15.467 r  core/core/clocks/g_hw.mmcm/CLKOUT0
                         net (fo=1, routed)           1.599    17.066    core/core/clocks/g_hw.mmcm_clk
    BUFGCTRL_X0Y0        BUFG (Prop_bufg_I_O)         0.091    17.157 r  core/core/clocks/g_hw.output_buffer/O
                         net (fo=2518, routed)        1.566    18.723    core/core/g_slave.receiver/decoder/complete_reg_inv_0
    SLICE_X42Y93         FDRE                                         r  core/core/g_slave.receiver/decoder/rx_crc_reg[1]/C
                         clock pessimism              0.000    18.723    
                         clock uncertainty           -0.474    18.249    
    SLICE_X42Y93         FDRE (Setup_fdre_C_R)       -0.524    17.725    core/core/g_slave.receiver/decoder/rx_crc_reg[1]
  -------------------------------------------------------------------
                         required time                         17.725    
                         arrival time                         -17.295    
  -------------------------------------------------------------------
                         slack                                  0.430    

Slack (MET) :             0.430ns  (required time - arrival time)
  Source:                 sync_valid
                            (input port clocked by received50  {rise@0.000ns fall@10.000ns period=20.000ns})
  Destination:            core/core/g_slave.receiver/decoder/rx_crc_reg[2]/R
                            (rising edge-triggered cell FDRE clocked by g_hw.mmcm_clk  {rise@0.000ns fall@10.000ns period=20.000ns})
  Path Group:             g_hw.mmcm_clk
  Path Type:              Setup (Max at Slow Process Corner)
  Requirement:            10.000ns  (g_hw.mmcm_clk rise@20.000ns - received50 fall@10.000ns)
  Data Path Delay:        3.295ns  (logic 1.660ns (50.382%)  route 1.635ns (49.618%))
  Logic Levels:           2  (IBUF=1 LUT2=1)
  Input Delay:            4.000ns
  Clock Path Skew:        -1.277ns (DCD - SCD + CPR)
    Destination Clock Delay (DCD):    -1.277ns = ( 18.723 - 20.000 ) 
    Source Clock Delay      (SCD):    0.000ns = ( 10.000 - 10.000 ) 
    Clock Pessimism Removal (CPR):    0.000ns
  Clock Uncertainty:      0.474ns  ((TSJ^2 + TIJ^2 + DJ^2)^1/2) / 2 + PE + UU
    Total System Jitter     (TSJ):    0.071ns
    Total Input Jitter      (TIJ):    0.100ns
    Discrete Jitter          (DJ):    0.179ns
    Phase Error              (PE):    0.165ns
    User Uncertainty         (UU):    0.200ns

    Location             Delay type                Incr(ns)  Path(ns)    Netlist Resource(s)
  -------------------------------------------------------------------    -------------------
                         (clock received50 fall edge)
                                                     10.000    10.000 f  
                         input delay                  4.000    14.000    
    M20                                               0.000    14.000 f  sync_valid (IN)
                         net (fo=0)                   0.000    14.000    sync_valid
    M20                  IBUF (Prop_ibuf_I_O)         1.536    15.536 f  sync_valid_IBUF_inst/O
                         net (fo=6, routed)           1.069    16.605    core/core/g_slave.receiver/decoder/sync_valid_IBUF
    SLICE_X42Y90         LUT2 (Prop_lut2_I1_O)        0.124    16.729 r  core/core/g_slave.receiver/decoder/crc[15]_i_1/O
                         net (fo=40, routed)          0.566    17.295    core/core/g_slave.receiver/decoder/crc[15]_i_1_n_0
    SLICE_X42Y93         FDRE                                         r  core/core/g_slave.receiver/decoder/rx_crc_reg[2]/R
  -------------------------------------------------------------------    -------------------

                         (clock g_hw.mmcm_clk rise edge)
                                                     20.000    20.000 r  
    N20                                               0.000    20.000 r  sync_clk (IN)
                         net (fo=0)                   0.000    20.000    core/core/clocks/sync_clk
    N20                  IBUF (Prop_ibuf_I_O)         1.423    21.423 r  core/core/clocks/g_hw.input_buffer/O
                         net (fo=1, routed)           1.162    22.585    core/core/clocks/g_hw.ibuf_clk
    MMCME2_ADV_X0Y0      MMCME2_ADV (Prop_mmcme2_adv_CLKIN1_CLKOUT0)
                                                     -7.118    15.467 r  core/core/clocks/g_hw.mmcm/CLKOUT0
                         net (fo=1, routed)           1.599    17.066    core/core/clocks/g_hw.mmcm_clk
    BUFGCTRL_X0Y0        BUFG (Prop_bufg_I_O)         0.091    17.157 r  core/core/clocks/g_hw.output_buffer/O
                         net (fo=2518, routed)        1.566    18.723    core/core/g_slave.receiver/decoder/complete_reg_inv_0
    SLICE_X42Y93         FDRE                                         r  core/core/g_slave.receiver/decoder/rx_crc_reg[2]/C
                         clock pessimism              0.000    18.723    
                         clock uncertainty           -0.474    18.249    
    SLICE_X42Y93         FDRE (Setup_fdre_C_R)       -0.524    17.725    core/core/g_slave.receiver/decoder/rx_crc_reg[2]
  -------------------------------------------------------------------
                         required time                         17.725    
                         arrival time                         -17.295    
  -------------------------------------------------------------------
                         slack                                  0.430    

Slack (MET) :             0.430ns  (required time - arrival time)
  Source:                 sync_valid
                            (input port clocked by received50  {rise@0.000ns fall@10.000ns period=20.000ns})
  Destination:            core/core/g_slave.receiver/decoder/rx_crc_reg[3]/R
                            (rising edge-triggered cell FDRE clocked by g_hw.mmcm_clk  {rise@0.000ns fall@10.000ns period=20.000ns})
  Path Group:             g_hw.mmcm_clk
  Path Type:              Setup (Max at Slow Process Corner)
  Requirement:            10.000ns  (g_hw.mmcm_clk rise@20.000ns - received50 fall@10.000ns)
  Data Path Delay:        3.295ns  (logic 1.660ns (50.382%)  route 1.635ns (49.618%))
  Logic Levels:           2  (IBUF=1 LUT2=1)
  Input Delay:            4.000ns
  Clock Path Skew:        -1.277ns (DCD - SCD + CPR)
    Destination Clock Delay (DCD):    -1.277ns = ( 18.723 - 20.000 ) 
    Source Clock Delay      (SCD):    0.000ns = ( 10.000 - 10.000 ) 
    Clock Pessimism Removal (CPR):    0.000ns
  Clock Uncertainty:      0.474ns  ((TSJ^2 + TIJ^2 + DJ^2)^1/2) / 2 + PE + UU
    Total System Jitter     (TSJ):    0.071ns
    Total Input Jitter      (TIJ):    0.100ns
    Discrete Jitter          (DJ):    0.179ns
    Phase Error              (PE):    0.165ns
    User Uncertainty         (UU):    0.200ns

    Location             Delay type                Incr(ns)  Path(ns)    Netlist Resource(s)
  -------------------------------------------------------------------    -------------------
                         (clock received50 fall edge)
                                                     10.000    10.000 f  
                         input delay                  4.000    14.000    
    M20                                               0.000    14.000 f  sync_valid (IN)
                         net (fo=0)                   0.000    14.000    sync_valid
    M20                  IBUF (Prop_ibuf_I_O)         1.536    15.536 f  sync_valid_IBUF_inst/O
                         net (fo=6, routed)           1.069    16.605    core/core/g_slave.receiver/decoder/sync_valid_IBUF
    SLICE_X42Y90         LUT2 (Prop_lut2_I1_O)        0.124    16.729 r  core/core/g_slave.receiver/decoder/crc[15]_i_1/O
                         net (fo=40, routed)          0.566    17.295    core/core/g_slave.receiver/decoder/crc[15]_i_1_n_0
    SLICE_X42Y93         FDRE                                         r  core/core/g_slave.receiver/decoder/rx_crc_reg[3]/R
  -------------------------------------------------------------------    -------------------

                         (clock g_hw.mmcm_clk rise edge)
                                                     20.000    20.000 r  
    N20                                               0.000    20.000 r  sync_clk (IN)
                         net (fo=0)                   0.000    20.000    core/core/clocks/sync_clk
    N20                  IBUF (Prop_ibuf_I_O)         1.423    21.423 r  core/core/clocks/g_hw.input_buffer/O
                         net (fo=1, routed)           1.162    22.585    core/core/clocks/g_hw.ibuf_clk
    MMCME2_ADV_X0Y0      MMCME2_ADV (Prop_mmcme2_adv_CLKIN1_CLKOUT0)
                                                     -7.118    15.467 r  core/core/clocks/g_hw.mmcm/CLKOUT0
                         net (fo=1, routed)           1.599    17.066    core/core/clocks/g_hw.mmcm_clk
    BUFGCTRL_X0Y0        BUFG (Prop_bufg_I_O)         0.091    17.157 r  core/core/clocks/g_hw.output_buffer/O
                         net (fo=2518, routed)        1.566    18.723    core/core/g_slave.receiver/decoder/complete_reg_inv_0
    SLICE_X42Y93         FDRE                                         r  core/core/g_slave.receiver/decoder/rx_crc_reg[3]/C
                         clock pessimism              0.000    18.723    
                         clock uncertainty           -0.474    18.249    
    SLICE_X42Y93         FDRE (Setup_fdre_C_R)       -0.524    17.725    core/core/g_slave.receiver/decoder/rx_crc_reg[3]
  -------------------------------------------------------------------
                         required time                         17.725    
                         arrival time                         -17.295    
  -------------------------------------------------------------------
                         slack                                  0.430    

Slack (MET) :             0.430ns  (required time - arrival time)
  Source:                 sync_valid
                            (input port clocked by received50  {rise@0.000ns fall@10.000ns period=20.000ns})
  Destination:            core/core/g_slave.receiver/decoder/rx_crc_reg[4]/R
                            (rising edge-triggered cell FDRE clocked by g_hw.mmcm_clk  {rise@0.000ns fall@10.000ns period=20.000ns})
  Path Group:             g_hw.mmcm_clk
  Path Type:              Setup (Max at Slow Process Corner)
  Requirement:            10.000ns  (g_hw.mmcm_clk rise@20.000ns - received50 fall@10.000ns)
  Data Path Delay:        3.295ns  (logic 1.660ns (50.382%)  route 1.635ns (49.618%))
  Logic Levels:           2  (IBUF=1 LUT2=1)
  Input Delay:            4.000ns
  Clock Path Skew:        -1.277ns (DCD - SCD + CPR)
    Destination Clock Delay (DCD):    -1.277ns = ( 18.723 - 20.000 ) 
    Source Clock Delay      (SCD):    0.000ns = ( 10.000 - 10.000 ) 
    Clock Pessimism Removal (CPR):    0.000ns
  Clock Uncertainty:      0.474ns  ((TSJ^2 + TIJ^2 + DJ^2)^1/2) / 2 + PE + UU
    Total System Jitter     (TSJ):    0.071ns
    Total Input Jitter      (TIJ):    0.100ns
    Discrete Jitter          (DJ):    0.179ns
    Phase Error              (PE):    0.165ns
    User Uncertainty         (UU):    0.200ns

    Location             Delay type                Incr(ns)  Path(ns)    Netlist Resource(s)
  -------------------------------------------------------------------    -------------------
                         (clock received50 fall edge)
                                                     10.000    10.000 f  
                         input delay                  4.000    14.000    
    M20                                               0.000    14.000 f  sync_valid (IN)
                         net (fo=0)                   0.000    14.000    sync_valid
    M20                  IBUF (Prop_ibuf_I_O)         1.536    15.536 f  sync_valid_IBUF_inst/O
                         net (fo=6, routed)           1.069    16.605    core/core/g_slave.receiver/decoder/sync_valid_IBUF
    SLICE_X42Y90         LUT2 (Prop_lut2_I1_O)        0.124    16.729 r  core/core/g_slave.receiver/decoder/crc[15]_i_1/O
                         net (fo=40, routed)          0.566    17.295    core/core/g_slave.receiver/decoder/crc[15]_i_1_n_0
    SLICE_X42Y93         FDRE                                         r  core/core/g_slave.receiver/decoder/rx_crc_reg[4]/R
  -------------------------------------------------------------------    -------------------

                         (clock g_hw.mmcm_clk rise edge)
                                                     20.000    20.000 r  
    N20                                               0.000    20.000 r  sync_clk (IN)
                         net (fo=0)                   0.000    20.000    core/core/clocks/sync_clk
    N20                  IBUF (Prop_ibuf_I_O)         1.423    21.423 r  core/core/clocks/g_hw.input_buffer/O
                         net (fo=1, routed)           1.162    22.585    core/core/clocks/g_hw.ibuf_clk
    MMCME2_ADV_X0Y0      MMCME2_ADV (Prop_mmcme2_adv_CLKIN1_CLKOUT0)
                                                     -7.118    15.467 r  core/core/clocks/g_hw.mmcm/CLKOUT0
                         net (fo=1, routed)           1.599    17.066    core/core/clocks/g_hw.mmcm_clk
    BUFGCTRL_X0Y0        BUFG (Prop_bufg_I_O)         0.091    17.157 r  core/core/clocks/g_hw.output_buffer/O
                         net (fo=2518, routed)        1.566    18.723    core/core/g_slave.receiver/decoder/complete_reg_inv_0
    SLICE_X42Y93         FDRE                                         r  core/core/g_slave.receiver/decoder/rx_crc_reg[4]/C
                         clock pessimism              0.000    18.723    
                         clock uncertainty           -0.474    18.249    
    SLICE_X42Y93         FDRE (Setup_fdre_C_R)       -0.524    17.725    core/core/g_slave.receiver/decoder/rx_crc_reg[4]
  -------------------------------------------------------------------
                         required time                         17.725    
                         arrival time                         -17.295    
  -------------------------------------------------------------------
                         slack                                  0.430    

Slack (MET) :             0.472ns  (required time - arrival time)
  Source:                 sync_valid
                            (input port clocked by received50  {rise@0.000ns fall@10.000ns period=20.000ns})
  Destination:            core/core/g_slave.receiver/decoder/crc_reg[0]/S
                            (rising edge-triggered cell FDSE clocked by g_hw.mmcm_clk  {rise@0.000ns fall@10.000ns period=20.000ns})
  Path Group:             g_hw.mmcm_clk
  Path Type:              Setup (Max at Slow Process Corner)
  Requirement:            10.000ns  (g_hw.mmcm_clk rise@20.000ns - received50 fall@10.000ns)
  Data Path Delay:        3.345ns  (logic 1.660ns (49.636%)  route 1.685ns (50.364%))
  Logic Levels:           2  (IBUF=1 LUT2=1)
  Input Delay:            4.000ns
  Clock Path Skew:        -1.280ns (DCD - SCD + CPR)
    Destination Clock Delay (DCD):    -1.280ns = ( 18.720 - 20.000 ) 
    Source Clock Delay      (SCD):    0.000ns = ( 10.000 - 10.000 ) 
    Clock Pessimism Removal (CPR):    0.000ns
  Clock Uncertainty:      0.474ns  ((TSJ^2 + TIJ^2 + DJ^2)^1/2) / 2 + PE + UU
    Total System Jitter     (TSJ):    0.071ns
    Total Input Jitter      (TIJ):    0.100ns
    Discrete Jitter          (DJ):    0.179ns
    Phase Error              (PE):    0.165ns
    User Uncertainty         (UU):    0.200ns

    Location             Delay type                Incr(ns)  Path(ns)    Netlist Resource(s)
  -------------------------------------------------------------------    -------------------
                         (clock received50 fall edge)
                                                     10.000    10.000 f  
                         input delay                  4.000    14.000    
    M20                                               0.000    14.000 f  sync_valid (IN)
                         net (fo=0)                   0.000    14.000    sync_valid
    M20                  IBUF (Prop_ibuf_I_O)         1.536    15.536 f  sync_valid_IBUF_inst/O
                         net (fo=6, routed)           1.069    16.605    core/core/g_slave.receiver/decoder/sync_valid_IBUF
    SLICE_X42Y90         LUT2 (Prop_lut2_I1_O)        0.124    16.729 r  core/core/g_slave.receiver/decoder/crc[15]_i_1/O
                         net (fo=40, routed)          0.615    17.345    core/core/g_slave.receiver/decoder/crc[15]_i_1_n_0
    SLICE_X39Y90         FDSE                                         r  core/core/g_slave.receiver/decoder/crc_reg[0]/S
  -------------------------------------------------------------------    -------------------

                         (clock g_hw.mmcm_clk rise edge)
                                                     20.000    20.000 r  
    N20                                               0.000    20.000 r  sync_clk (IN)
                         net (fo=0)                   0.000    20.000    core/core/clocks/sync_clk
    N20                  IBUF (Prop_ibuf_I_O)         1.423    21.423 r  core/core/clocks/g_hw.input_buffer/O
                         net (fo=1, routed)           1.162    22.585    core/core/clocks/g_hw.ibuf_clk
    MMCME2_ADV_X0Y0      MMCME2_ADV (Prop_mmcme2_adv_CLKIN1_CLKOUT0)
                                                     -7.118    15.467 r  core/core/clocks/g_hw.mmcm/CLKOUT0
                         net (fo=1, routed)           1.599    17.066    core/core/clocks/g_hw.mmcm_clk
    BUFGCTRL_X0Y0        BUFG (Prop_bufg_I_O)         0.091    17.157 r  core/core/clocks/g_hw.output_buffer/O
                         net (fo=2518, routed)        1.563    18.720    core/core/g_slave.receiver/decoder/complete_reg_inv_0
    SLICE_X39Y90         FDSE                                         r  core/core/g_slave.receiver/decoder/crc_reg[0]/C
                         clock pessimism              0.000    18.720    
                         clock uncertainty           -0.474    18.246    
    SLICE_X39Y90         FDSE (Setup_fdse_C_S)       -0.429    17.817    core/core/g_slave.receiver/decoder/crc_reg[0]
  -------------------------------------------------------------------
                         required time                         17.817    
                         arrival time                         -17.345    
  -------------------------------------------------------------------
                         slack                                  0.472    

Slack (MET) :             0.472ns  (required time - arrival time)
  Source:                 sync_valid
                            (input port clocked by received50  {rise@0.000ns fall@10.000ns period=20.000ns})
  Destination:            core/core/g_slave.receiver/decoder/crc_reg[12]/S
                            (rising edge-triggered cell FDSE clocked by g_hw.mmcm_clk  {rise@0.000ns fall@10.000ns period=20.000ns})
  Path Group:             g_hw.mmcm_clk
  Path Type:              Setup (Max at Slow Process Corner)
  Requirement:            10.000ns  (g_hw.mmcm_clk rise@20.000ns - received50 fall@10.000ns)
  Data Path Delay:        3.345ns  (logic 1.660ns (49.636%)  route 1.685ns (50.364%))
  Logic Levels:           2  (IBUF=1 LUT2=1)
  Input Delay:            4.000ns
  Clock Path Skew:        -1.280ns (DCD - SCD + CPR)
    Destination Clock Delay (DCD):    -1.280ns = ( 18.720 - 20.000 ) 
    Source Clock Delay      (SCD):    0.000ns = ( 10.000 - 10.000 ) 
    Clock Pessimism Removal (CPR):    0.000ns
  Clock Uncertainty:      0.474ns  ((TSJ^2 + TIJ^2 + DJ^2)^1/2) / 2 + PE + UU
    Total System Jitter     (TSJ):    0.071ns
    Total Input Jitter      (TIJ):    0.100ns
    Discrete Jitter          (DJ):    0.179ns
    Phase Error              (PE):    0.165ns
    User Uncertainty         (UU):    0.200ns

    Location             Delay type                Incr(ns)  Path(ns)    Netlist Resource(s)
  -------------------------------------------------------------------    -------------------
                         (clock received50 fall edge)
                                                     10.000    10.000 f  
                         input delay                  4.000    14.000    
    M20                                               0.000    14.000 f  sync_valid (IN)
                         net (fo=0)                   0.000    14.000    sync_valid
    M20                  IBUF (Prop_ibuf_I_O)         1.536    15.536 f  sync_valid_IBUF_inst/O
                         net (fo=6, routed)           1.069    16.605    core/core/g_slave.receiver/decoder/sync_valid_IBUF
    SLICE_X42Y90         LUT2 (Prop_lut2_I1_O)        0.124    16.729 r  core/core/g_slave.receiver/decoder/crc[15]_i_1/O
                         net (fo=40, routed)          0.615    17.345    core/core/g_slave.receiver/decoder/crc[15]_i_1_n_0
    SLICE_X39Y90         FDSE                                         r  core/core/g_slave.receiver/decoder/crc_reg[12]/S
  -------------------------------------------------------------------    -------------------

                         (clock g_hw.mmcm_clk rise edge)
                                                     20.000    20.000 r  
    N20                                               0.000    20.000 r  sync_clk (IN)
                         net (fo=0)                   0.000    20.000    core/core/clocks/sync_clk
    N20                  IBUF (Prop_ibuf_I_O)         1.423    21.423 r  core/core/clocks/g_hw.input_buffer/O
                         net (fo=1, routed)           1.162    22.585    core/core/clocks/g_hw.ibuf_clk
    MMCME2_ADV_X0Y0      MMCME2_ADV (Prop_mmcme2_adv_CLKIN1_CLKOUT0)
                                                     -7.118    15.467 r  core/core/clocks/g_hw.mmcm/CLKOUT0
                         net (fo=1, routed)           1.599    17.066    core/core/clocks/g_hw.mmcm_clk
    BUFGCTRL_X0Y0        BUFG (Prop_bufg_I_O)         0.091    17.157 r  core/core/clocks/g_hw.output_buffer/O
                         net (fo=2518, routed)        1.563    18.720    core/core/g_slave.receiver/decoder/complete_reg_inv_0
    SLICE_X39Y90         FDSE                                         r  core/core/g_slave.receiver/decoder/crc_reg[12]/C
                         clock pessimism              0.000    18.720    
                         clock uncertainty           -0.474    18.246    
    SLICE_X39Y90         FDSE (Setup_fdse_C_S)       -0.429    17.817    core/core/g_slave.receiver/decoder/crc_reg[12]
  -------------------------------------------------------------------
                         required time                         17.817    
                         arrival time                         -17.345    
  -------------------------------------------------------------------
                         slack                                  0.472    

Slack (MET) :             0.472ns  (required time - arrival time)
  Source:                 sync_valid
                            (input port clocked by received50  {rise@0.000ns fall@10.000ns period=20.000ns})
  Destination:            core/core/g_slave.receiver/decoder/crc_reg[5]/S
                            (rising edge-triggered cell FDSE clocked by g_hw.mmcm_clk  {rise@0.000ns fall@10.000ns period=20.000ns})
  Path Group:             g_hw.mmcm_clk
  Path Type:              Setup (Max at Slow Process Corner)
  Requirement:            10.000ns  (g_hw.mmcm_clk rise@20.000ns - received50 fall@10.000ns)
  Data Path Delay:        3.345ns  (logic 1.660ns (49.636%)  route 1.685ns (50.364%))
  Logic Levels:           2  (IBUF=1 LUT2=1)
  Input Delay:            4.000ns
  Clock Path Skew:        -1.280ns (DCD - SCD + CPR)
    Destination Clock Delay (DCD):    -1.280ns = ( 18.720 - 20.000 ) 
    Source Clock Delay      (SCD):    0.000ns = ( 10.000 - 10.000 ) 
    Clock Pessimism Removal (CPR):    0.000ns
  Clock Uncertainty:      0.474ns  ((TSJ^2 + TIJ^2 + DJ^2)^1/2) / 2 + PE + UU
    Total System Jitter     (TSJ):    0.071ns
    Total Input Jitter      (TIJ):    0.100ns
    Discrete Jitter          (DJ):    0.179ns
    Phase Error              (PE):    0.165ns
    User Uncertainty         (UU):    0.200ns

    Location             Delay type                Incr(ns)  Path(ns)    Netlist Resource(s)
  -------------------------------------------------------------------    -------------------
                         (clock received50 fall edge)
                                                     10.000    10.000 f  
                         input delay                  4.000    14.000    
    M20                                               0.000    14.000 f  sync_valid (IN)
                         net (fo=0)                   0.000    14.000    sync_valid
    M20                  IBUF (Prop_ibuf_I_O)         1.536    15.536 f  sync_valid_IBUF_inst/O
                         net (fo=6, routed)           1.069    16.605    core/core/g_slave.receiver/decoder/sync_valid_IBUF
    SLICE_X42Y90         LUT2 (Prop_lut2_I1_O)        0.124    16.729 r  core/core/g_slave.receiver/decoder/crc[15]_i_1/O
                         net (fo=40, routed)          0.615    17.345    core/core/g_slave.receiver/decoder/crc[15]_i_1_n_0
    SLICE_X39Y90         FDSE                                         r  core/core/g_slave.receiver/decoder/crc_reg[5]/S
  -------------------------------------------------------------------    -------------------

                         (clock g_hw.mmcm_clk rise edge)
                                                     20.000    20.000 r  
    N20                                               0.000    20.000 r  sync_clk (IN)
                         net (fo=0)                   0.000    20.000    core/core/clocks/sync_clk
    N20                  IBUF (Prop_ibuf_I_O)         1.423    21.423 r  core/core/clocks/g_hw.input_buffer/O
                         net (fo=1, routed)           1.162    22.585    core/core/clocks/g_hw.ibuf_clk
    MMCME2_ADV_X0Y0      MMCME2_ADV (Prop_mmcme2_adv_CLKIN1_CLKOUT0)
                                                     -7.118    15.467 r  core/core/clocks/g_hw.mmcm/CLKOUT0
                         net (fo=1, routed)           1.599    17.066    core/core/clocks/g_hw.mmcm_clk
    BUFGCTRL_X0Y0        BUFG (Prop_bufg_I_O)         0.091    17.157 r  core/core/clocks/g_hw.output_buffer/O
                         net (fo=2518, routed)        1.563    18.720    core/core/g_slave.receiver/decoder/complete_reg_inv_0
    SLICE_X39Y90         FDSE                                         r  core/core/g_slave.receiver/decoder/crc_reg[5]/C
                         clock pessimism              0.000    18.720    
                         clock uncertainty           -0.474    18.246    
    SLICE_X39Y90         FDSE (Setup_fdse_C_S)       -0.429    17.817    core/core/g_slave.receiver/decoder/crc_reg[5]
  -------------------------------------------------------------------
                         required time                         17.817    
                         arrival time                         -17.345    
  -------------------------------------------------------------------
                         slack                                  0.472    

Slack (MET) :             0.502ns  (required time - arrival time)
  Source:                 sync_valid
                            (input port clocked by received50  {rise@0.000ns fall@10.000ns period=20.000ns})
  Destination:            core/core/g_slave.receiver/decoder/rx_crc_reg[0]/R
                            (rising edge-triggered cell FDRE clocked by g_hw.mmcm_clk  {rise@0.000ns fall@10.000ns period=20.000ns})
  Path Group:             g_hw.mmcm_clk
  Path Type:              Setup (Max at Slow Process Corner)
  Requirement:            10.000ns  (g_hw.mmcm_clk rise@20.000ns - received50 fall@10.000ns)
  Data Path Delay:        3.316ns  (logic 1.660ns (50.073%)  route 1.655ns (49.927%))
  Logic Levels:           2  (IBUF=1 LUT2=1)
  Input Delay:            4.000ns
  Clock Path Skew:        -1.279ns (DCD - SCD + CPR)
    Destination Clock Delay (DCD):    -1.279ns = ( 18.721 - 20.000 ) 
    Source Clock Delay      (SCD):    0.000ns = ( 10.000 - 10.000 ) 
    Clock Pessimism Removal (CPR):    0.000ns
  Clock Uncertainty:      0.474ns  ((TSJ^2 + TIJ^2 + DJ^2)^1/2) / 2 + PE + UU
    Total System Jitter     (TSJ):    0.071ns
    Total Input Jitter      (TIJ):    0.100ns
    Discrete Jitter          (DJ):    0.179ns
    Phase Error              (PE):    0.165ns
    User Uncertainty         (UU):    0.200ns

    Location             Delay type                Incr(ns)  Path(ns)    Netlist Resource(s)
  -------------------------------------------------------------------    -------------------
                         (clock received50 fall edge)
                                                     10.000    10.000 f  
                         input delay                  4.000    14.000    
    M20                                               0.000    14.000 f  sync_valid (IN)
                         net (fo=0)                   0.000    14.000    sync_valid
    M20                  IBUF (Prop_ibuf_I_O)         1.536    15.536 f  sync_valid_IBUF_inst/O
                         net (fo=6, routed)           1.069    16.605    core/core/g_slave.receiver/decoder/sync_valid_IBUF
    SLICE_X42Y90         LUT2 (Prop_lut2_I1_O)        0.124    16.729 r  core/core/g_slave.receiver/decoder/crc[15]_i_1/O
                         net (fo=40, routed)          0.586    17.316    core/core/g_slave.receiver/decoder/crc[15]_i_1_n_0
    SLICE_X40Y90         FDRE                                         r  core/core/g_slave.receiver/decoder/rx_crc_reg[0]/R
  -------------------------------------------------------------------    -------------------

                         (clock g_hw.mmcm_clk rise edge)
                                                     20.000    20.000 r  
    N20                                               0.000    20.000 r  sync_clk (IN)
                         net (fo=0)                   0.000    20.000    core/core/clocks/sync_clk
    N20                  IBUF (Prop_ibuf_I_O)         1.423    21.423 r  core/core/clocks/g_hw.input_buffer/O
                         net (fo=1, routed)           1.162    22.585    core/core/clocks/g_hw.ibuf_clk
    MMCME2_ADV_X0Y0      MMCME2_ADV (Prop_mmcme2_adv_CLKIN1_CLKOUT0)
                                                     -7.118    15.467 r  core/core/clocks/g_hw.mmcm/CLKOUT0
                         net (fo=1, routed)           1.599    17.066    core/core/clocks/g_hw.mmcm_clk
    BUFGCTRL_X0Y0        BUFG (Prop_bufg_I_O)         0.091    17.157 r  core/core/clocks/g_hw.output_buffer/O
                         net (fo=2518, routed)        1.564    18.721    core/core/g_slave.receiver/decoder/complete_reg_inv_0
    SLICE_X40Y90         FDRE                                         r  core/core/g_slave.receiver/decoder/rx_crc_reg[0]/C
                         clock pessimism              0.000    18.721    
                         clock uncertainty           -0.474    18.247    
    SLICE_X40Y90         FDRE (Setup_fdre_C_R)       -0.429    17.818    core/core/g_slave.receiver/decoder/rx_crc_reg[0]
  -------------------------------------------------------------------
                         required time                         17.818    
                         arrival time                         -17.316    
  -------------------------------------------------------------------
                         slack                                  0.502    

Slack (MET) :             0.507ns  (required time - arrival time)
  Source:                 sync_valid
                            (input port clocked by received50  {rise@0.000ns fall@10.000ns period=20.000ns})
  Destination:            core/core/g_slave.receiver/decoder/count_reg[6]/R
                            (rising edge-triggered cell FDRE clocked by g_hw.mmcm_clk  {rise@0.000ns fall@10.000ns period=20.000ns})
  Path Group:             g_hw.mmcm_clk
  Path Type:              Setup (Max at Slow Process Corner)
  Requirement:            10.000ns  (g_hw.mmcm_clk rise@20.000ns - received50 fall@10.000ns)
  Data Path Delay:        3.311ns  (logic 1.660ns (50.139%)  route 1.651ns (49.861%))
  Logic Levels:           2  (IBUF=1 LUT2=1)
  Input Delay:            4.000ns
  Clock Path Skew:        -1.279ns (DCD - SCD + CPR)
    Destination Clock Delay (DCD):    -1.279ns = ( 18.721 - 20.000 ) 
    Source Clock Delay      (SCD):    0.000ns = ( 10.000 - 10.000 ) 
    Clock Pessimism Removal (CPR):    0.000ns
  Clock Uncertainty:      0.474ns  ((TSJ^2 + TIJ^2 + DJ^2)^1/2) / 2 + PE + UU
    Total System Jitter     (TSJ):    0.071ns
    Total Input Jitter      (TIJ):    0.100ns
    Discrete Jitter          (DJ):    0.179ns
    Phase Error              (PE):    0.165ns
    User Uncertainty         (UU):    0.200ns

    Location             Delay type                Incr(ns)  Path(ns)    Netlist Resource(s)
  -------------------------------------------------------------------    -------------------
                         (clock received50 fall edge)
                                                     10.000    10.000 f  
                         input delay                  4.000    14.000    
    M20                                               0.000    14.000 f  sync_valid (IN)
                         net (fo=0)                   0.000    14.000    sync_valid
    M20                  IBUF (Prop_ibuf_I_O)         1.536    15.536 f  sync_valid_IBUF_inst/O
                         net (fo=6, routed)           1.069    16.605    core/core/g_slave.receiver/decoder/sync_valid_IBUF
    SLICE_X42Y90         LUT2 (Prop_lut2_I1_O)        0.124    16.729 r  core/core/g_slave.receiver/decoder/crc[15]_i_1/O
                         net (fo=40, routed)          0.582    17.311    core/core/g_slave.receiver/decoder/crc[15]_i_1_n_0
    SLICE_X41Y90         FDRE                                         r  core/core/g_slave.receiver/decoder/count_reg[6]/R
  -------------------------------------------------------------------    -------------------

                         (clock g_hw.mmcm_clk rise edge)
                                                     20.000    20.000 r  
    N20                                               0.000    20.000 r  sync_clk (IN)
                         net (fo=0)                   0.000    20.000    core/core/clocks/sync_clk
    N20                  IBUF (Prop_ibuf_I_O)         1.423    21.423 r  core/core/clocks/g_hw.input_buffer/O
                         net (fo=1, routed)           1.162    22.585    core/core/clocks/g_hw.ibuf_clk
    MMCME2_ADV_X0Y0      MMCME2_ADV (Prop_mmcme2_adv_CLKIN1_CLKOUT0)
                                                     -7.118    15.467 r  core/core/clocks/g_hw.mmcm/CLKOUT0
                         net (fo=1, routed)           1.599    17.066    core/core/clocks/g_hw.mmcm_clk
    BUFGCTRL_X0Y0        BUFG (Prop_bufg_I_O)         0.091    17.157 r  core/core/clocks/g_hw.output_buffer/O
                         net (fo=2518, routed)        1.564    18.721    core/core/g_slave.receiver/decoder/complete_reg_inv_0
    SLICE_X41Y90         FDRE                                         r  core/core/g_slave.receiver/decoder/count_reg[6]/C
                         clock pessimism              0.000    18.721    
                         clock uncertainty           -0.474    18.247    
    SLICE_X41Y90         FDRE (Setup_fdre_C_R)       -0.429    17.818    core/core/g_slave.receiver/decoder/count_reg[6]
  -------------------------------------------------------------------
                         required time                         17.818    
                         arrival time                         -17.311    
  -------------------------------------------------------------------
                         slack                                  0.507    

Slack (MET) :             0.507ns  (required time - arrival time)
  Source:                 sync_valid
                            (input port clocked by received50  {rise@0.000ns fall@10.000ns period=20.000ns})
  Destination:            core/core/g_slave.receiver/decoder/count_reg[7]/R
                            (rising edge-triggered cell FDRE clocked by g_hw.mmcm_clk  {rise@0.000ns fall@10.000ns period=20.000ns})
  Path Group:             g_hw.mmcm_clk
  Path Type:              Setup (Max at Slow Process Corner)
  Requirement:            10.000ns  (g_hw.mmcm_clk rise@20.000ns - received50 fall@10.000ns)
  Data Path Delay:        3.311ns  (logic 1.660ns (50.139%)  route 1.651ns (49.861%))
  Logic Levels:           2  (IBUF=1 LUT2=1)
  Input Delay:            4.000ns
  Clock Path Skew:        -1.279ns (DCD - SCD + CPR)
    Destination Clock Delay (DCD):    -1.279ns = ( 18.721 - 20.000 ) 
    Source Clock Delay      (SCD):    0.000ns = ( 10.000 - 10.000 ) 
    Clock Pessimism Removal (CPR):    0.000ns
  Clock Uncertainty:      0.474ns  ((TSJ^2 + TIJ^2 + DJ^2)^1/2) / 2 + PE + UU
    Total System Jitter     (TSJ):    0.071ns
    Total Input Jitter      (TIJ):    0.100ns
    Discrete Jitter          (DJ):    0.179ns
    Phase Error              (PE):    0.165ns
    User Uncertainty         (UU):    0.200ns

    Location             Delay type                Incr(ns)  Path(ns)    Netlist Resource(s)
  -------------------------------------------------------------------    -------------------
                         (clock received50 fall edge)
                                                     10.000    10.000 f  
                         input delay                  4.000    14.000    
    M20                                               0.000    14.000 f  sync_valid (IN)
                         net (fo=0)                   0.000    14.000    sync_valid
    M20                  IBUF (Prop_ibuf_I_O)         1.536    15.536 f  sync_valid_IBUF_inst/O
                         net (fo=6, routed)           1.069    16.605    core/core/g_slave.receiver/decoder/sync_valid_IBUF
    SLICE_X42Y90         LUT2 (Prop_lut2_I1_O)        0.124    16.729 r  core/core/g_slave.receiver/decoder/crc[15]_i_1/O
                         net (fo=40, routed)          0.582    17.311    core/core/g_slave.receiver/decoder/crc[15]_i_1_n_0
    SLICE_X41Y90         FDRE                                         r  core/core/g_slave.receiver/decoder/count_reg[7]/R
  -------------------------------------------------------------------    -------------------

                         (clock g_hw.mmcm_clk rise edge)
                                                     20.000    20.000 r  
    N20                                               0.000    20.000 r  sync_clk (IN)
                         net (fo=0)                   0.000    20.000    core/core/clocks/sync_clk
    N20                  IBUF (Prop_ibuf_I_O)         1.423    21.423 r  core/core/clocks/g_hw.input_buffer/O
                         net (fo=1, routed)           1.162    22.585    core/core/clocks/g_hw.ibuf_clk
    MMCME2_ADV_X0Y0      MMCME2_ADV (Prop_mmcme2_adv_CLKIN1_CLKOUT0)
                                                     -7.118    15.467 r  core/core/clocks/g_hw.mmcm/CLKOUT0
                         net (fo=1, routed)           1.599    17.066    core/core/clocks/g_hw.mmcm_clk
    BUFGCTRL_X0Y0        BUFG (Prop_bufg_I_O)         0.091    17.157 r  core/core/clocks/g_hw.output_buffer/O
                         net (fo=2518, routed)        1.564    18.721    core/core/g_slave.receiver/decoder/complete_reg_inv_0
    SLICE_X41Y90         FDRE                                         r  core/core/g_slave.receiver/decoder/count_reg[7]/C
                         clock pessimism              0.000    18.721    
                         clock uncertainty           -0.474    18.247    
    SLICE_X41Y90         FDRE (Setup_fdre_C_R)       -0.429    17.818    core/core/g_slave.receiver/decoder/count_reg[7]
  -------------------------------------------------------------------
                         required time                         17.818    
                         arrival time                         -17.311    
  -------------------------------------------------------------------
                         slack                                  0.507    




