Copyright 1986-2022 Xilinx, Inc. All Rights Reserved. Copyright 2022-2025 Advanced Micro Devices, Inc. All Rights Reserved.
------------------------------------------------------------------------------------------------------------------------------------------------------------------------------------------------------------------
| Tool Version : Vivado v.2025.2 (win64) Build 6299465 Fri Nov 14 19:35:11 GMT 2025
| Date         : Wed Sep 30 22:56:10 2026
| Host         : LAPTOP-V3PP2F49 running 64-bit major release  (build 9200)
| Command      : report_clock_interaction -file C:/Users/BELYA/Documents/Codex/2026-09-29/https-github-com-loverlike1216-sonofield-fpga/outputs/sonofield-v3/v3/evidence/task001/ebaz_slave/clock_interaction.rpt
| Design       : ebaz_slave
| Device       : 7z010-clg400
| Speed File   : -1  PRODUCTION 1.12 2019-11-22
| Design State : Routed
------------------------------------------------------------------------------------------------------------------------------------------------------------------------------------------------------------------

Clock Interaction Report

Clock Interaction Table
-----------------------

                              WNS                            TNS Failing  TNS Total    WNS Path         Clock-Pair           Inter-Clock     
From Clock     To Clock       Clock Edges  WNS(ns)  TNS(ns)    Endpoints    Endpoints  Requirement(ns)  Classification       Constraints     
-------------  -------------  -----------  -------  -------  -----------  -----------  ---------------  -------------------  --------------  
g_hw.mmcm_clk  g_hw.mmcm_clk  rise - rise     8.51     0.00            0         1682            20.00  Clean                Timed           
g_hw.mmcm_clk  local50        rise - rise    14.16     0.00            0            1            20.00  No Common Clock      Timed (unsafe)  
g_hw.mmcm_clk  received50     rise - rise     4.91     0.00            0            8            20.00  Clean                Timed           
local50        g_hw.mmcm_clk  rise - rise     6.17     0.00            0            4            20.00  No Common Clock      Timed (unsafe)  
local50        local50        rise - rise    12.29     0.00            0           36            20.00  Clean                Timed           
local50        received50     rise - rise     1.32     0.00            0            4            20.00  No Common Clock      Timed (unsafe)  
received50     g_hw.mmcm_clk  fall - rise     0.20     0.00            0          284            10.00  Clean                Timed           


