#-----------------------------------------------------------
# Vivado v2025.2 (64-bit)
# SW Build 6299465 on Fri Nov 14 19:35:11 GMT 2025
# IP Build 6300035 on Fri Nov 14 10:48:45 MST 2025
# SharedData Build 6298862 on Thu Nov 13 04:50:51 MST 2025
# Start of session at: Fri Oct  2 16:25:47 2026
# Process ID         : 91180
# Current directory  : D:/codex_project/sonofield/v3/evidence/task001b/hardware_check
# Command line       : vivado.exe -mode batch -notrace -source D:\codex_project\sonofield\v3\vivado\check_dual_hardware.tcl -log D:\codex_project\sonofield\v3\evidence\task001b\hardware_check\vivado-hardware.log -journal D:\codex_project\sonofield\v3\evidence\task001b\hardware_check\vivado-hardware.jou -tclargs D:\codex_project\sonofield\v3\evidence\task001b\hardware_check
# Log file           : D:/codex_project/sonofield/v3/evidence/task001b/hardware_check/vivado-hardware.log
# Journal file       : D:\codex_project\sonofield\v3\evidence\task001b\hardware_check\vivado-hardware.jou
# Running On         : LAPTOP-V3PP2F49
# Platform           : Windows Server 2016 or Windows 10
# Operating System   : 26200
# Processor Detail   : AMD Ryzen 9 8945HX with Radeon Graphics        
# CPU Frequency      : 2495 MHz
# CPU Physical cores : 16
# CPU Logical cores  : 32
# Host memory        : 33605 MB
# Swap memory        : 2147 MB
# Total Virtual      : 35752 MB
# Available Virtual  : 7490 MB
#-----------------------------------------------------------
source {D:\codex_project\sonofield\v3\vivado\check_dual_hardware.tcl} -notrace
open_hw_manager: Time (s): cpu = 00:00:20 ; elapsed = 00:00:20 . Memory (MB): peak = 543.645 ; gain = 222.812
INFO: [Labtools 27-2285] Connecting to hw_server url TCP:localhost:3121
INFO: [Labtools 27-2222] Launching hw_server...
INFO: [Labtools 27-2221] Launch Output:

****** Xilinx hw_server v2025.2
  **** Build date : Oct 28 2025 at 10:03:13
    ** Copyright 1986-2022 Xilinx, Inc. All Rights Reserved.


INFO: [Labtools 27-3415] Connecting to cs_server url TCP:localhost:0
INFO: [Labtools 27-3417] Launching cs_server...
INFO: [Labtools 27-2221] Launch Output:


******** Xilinx cs_server v2025.2.0
  ****** Build date   : Nov 14 2025-07:16:52
    **** Build number : 2025.2.1763075812
      ** Copyright 2017-2022 Xilinx, Inc. All Rights Reserved.
      ** Copyright 2022-2026 Advanced Micro Devices, Inc. All Rights Reserved.



connect_hw_server: Time (s): cpu = 00:00:00 ; elapsed = 00:00:11 . Memory (MB): peak = 547.578 ; gain = 3.934
HW_TARGET_COUNT=2
INFO: [Labtoolstcl 44-466] Opening hw_target localhost:3121/xilinx_tcf/Digilent/210299245711
INFO: [Labtoolstcl 44-464] Closing hw_target localhost:3121/xilinx_tcf/Digilent/210299245711
INFO: [Labtoolstcl 44-466] Opening hw_target localhost:3121/xilinx_tcf/Digilent/210299835073
INFO: [Labtoolstcl 44-464] Closing hw_target localhost:3121/xilinx_tcf/Digilent/210299835073
HARDWARE_DEVICE_COUNT=4
FPGA_DEVICE_COUNT=2
PROGRAMMING=NOT_PERFORMED
INFO: [Common 17-206] Exiting Vivado at Fri Oct  2 16:26:38 2026...
