
****** xsim v2025.2 (64-bit)
  **** SW Build 6299465 on Fri Nov 14 19:35:11 GMT 2025
  **** IP Build 6300035 on Fri Nov 14 10:48:45 MST 2025
  **** SharedData Build 6298862 on Thu Nov 13 04:50:51 MST 2025
  **** Start of session at: Fri Oct  2 20:34:49 2026
    ** Copyright 1986-2022 Xilinx, Inc. All Rights Reserved.
    ** Copyright 2022-2025 Advanced Micro Devices, Inc. All Rights Reserved.

source xsim.dir/top_clock_tb_snapshot/xsim_script.tcl
# xsim {top_clock_tb_snapshot} -autoloadwcfg -runall
Time resolution is 1 ps
run -all
PASS timestamp waveform matches with independent 100ppm local crystal
TOP_RTT roundtrip=148 delay=0 valid=1
PASS default RTT turnaround profile matches physical-wrapper simulation
PASS physical wrapper scheduled trigger
PASS physical wrapper scheduled reset
PASS local crystal watchdog fails closed on absent forwarded clock
PASS fresh lock and equal epoch after clock resumes
TOP_CLOCK_TB PASS checks=6 aligned=9405
$finish called at time : 370438 ns : File "D:/codex_project/sonofield/v3/tb/top_clock_tb.sv" Line 54
exit
INFO: [Common 17-206] Exiting xsim at Fri Oct  2 20:34:51 2026...
