INFO: [VRFC 10-2263] Analyzing SystemVerilog file "D:/codex_project/sonofield/v3/rtl/sync/sync_protocol.sv" into library work
INFO: [VRFC 10-311] analyzing module sync_protocol
INFO: [VRFC 10-2263] Analyzing SystemVerilog file "D:/codex_project/sonofield/v3/rtl/sync/timestamp_counter.sv" into library work
INFO: [VRFC 10-311] analyzing module timestamp_counter
INFO: [VRFC 10-2263] Analyzing SystemVerilog file "D:/codex_project/sonofield/v3/rtl/sync/sync_master.sv" into library work
INFO: [VRFC 10-311] analyzing module sync_master
INFO: [VRFC 10-2263] Analyzing SystemVerilog file "D:/codex_project/sonofield/v3/rtl/sync/sync_slave.sv" into library work
INFO: [VRFC 10-311] analyzing module sync_slave
INFO: [VRFC 10-2263] Analyzing SystemVerilog file "D:/codex_project/sonofield/v3/rtl/sync/sync_button.sv" into library work
INFO: [VRFC 10-311] analyzing module sync_button
INFO: [VRFC 10-2263] Analyzing SystemVerilog file "D:/codex_project/sonofield/v3/rtl/sync/delay_measure.sv" into library work
INFO: [VRFC 10-311] analyzing module delay_measure
INFO: [VRFC 10-2263] Analyzing SystemVerilog file "D:/codex_project/sonofield/v3/rtl/clock/clk_manager.sv" into library work
INFO: [VRFC 10-311] analyzing module clk_manager
INFO: [VRFC 10-2263] Analyzing SystemVerilog file "D:/codex_project/sonofield/v3/rtl/top/dual_sync_top.sv" into library work
INFO: [VRFC 10-311] analyzing module dual_sync_top
INFO: [VRFC 10-311] analyzing module ebaz_master
INFO: [VRFC 10-311] analyzing module ebaz_slave
INFO: [VRFC 10-2263] Analyzing SystemVerilog file "D:/codex_project/sonofield/v3/rtl/array/serializer64.sv" into library work
INFO: [VRFC 10-311] analyzing module serializer64
INFO: [VRFC 10-2263] Analyzing SystemVerilog file "D:/codex_project/sonofield/v3/rtl/array/array_output_guard.sv" into library work
INFO: [VRFC 10-311] analyzing module array_output_guard
INFO: [VRFC 10-2263] Analyzing SystemVerilog file "D:/codex_project/sonofield/v3/rtl/array/array_test_endpoint.sv" into library work
INFO: [VRFC 10-311] analyzing module array_test_endpoint
INFO: [VRFC 10-2263] Analyzing SystemVerilog file "D:/codex_project/sonofield/v3/tb/dual_sync_tb.sv" into library work
INFO: [VRFC 10-311] analyzing module dual_sync_tb
INFO: [VRFC 10-2263] Analyzing SystemVerilog file "D:/codex_project/sonofield/v3/tb/top_clock_tb.sv" into library work
INFO: [VRFC 10-311] analyzing module top_clock_tb
INFO: [VRFC 10-2263] Analyzing SystemVerilog file "D:/codex_project/sonofield/v3/tb/serializer64_tb.sv" into library work
INFO: [VRFC 10-311] analyzing module serializer64_tb
INFO: [VRFC 10-2263] Analyzing SystemVerilog file "D:/codex_project/sonofield/v3/tb/dual_serializer_sync_tb.sv" into library work
INFO: [VRFC 10-311] analyzing module dual_serializer_sync_tb
