
****** Vivado v2025.2 (64-bit)
  **** SW Build 6299465 on Fri Nov 14 19:35:11 GMT 2025
  **** IP Build 6300035 on Fri Nov 14 10:48:45 MST 2025
  **** SharedData Build 6298862 on Thu Nov 13 04:50:51 MST 2025
  **** Start of session at: Wed Sep 30 22:47:46 2026
    ** Copyright 1986-2022 Xilinx, Inc. All Rights Reserved.
    ** Copyright 2022-2025 Advanced Micro Devices, Inc. All Rights Reserved.

source ./v3/vivado/probe_hardware.tcl
# set root [file normalize [file join [file dirname [info script]] ..]]
# set out [open [file join $root evidence task001 hardware_probe.txt] w]
# puts $out "READ_ONLY_PROBE [clock format [clock seconds] -format {%Y-%m-%d %H:%M:%S %z}]"
# puts $out "Vivado [version -short]"
# if {[catch {
#  open_hw_manager
#  connect_hw_server -url localhost:3121 -allow_non_jtag
#  set targets [get_hw_targets -quiet]
#  puts $out "TARGET_COUNT [llength $targets]"
#  foreach target $targets {
#   puts $out "TARGET $target"
#   current_hw_target $target
#   if {[catch {open_hw_target;puts $out "DEVICES [get_hw_devices -quiet]";close_hw_target} problem]} {
#    puts $out "TARGET_ERROR $problem"
#   }
#  }
# } problem]} {puts $out "PROBE_ERROR $problem"}
open_hw_manager: Time (s): cpu = 00:00:12 ; elapsed = 00:00:13 . Memory (MB): peak = 545.500 ; gain = 224.035
INFO: [Labtools 27-2285] Connecting to hw_server url TCP:localhost:3121
INFO: [Labtools 27-2222] Launching hw_server...
INFO: [Labtools 27-2221] Launch Output:

****** Xilinx hw_server v2025.2
  **** Build date : Oct 28 2025 at 10:03:13
    ** Copyright 1986-2022 Xilinx, Inc. All Rights Reserved.




INFO: [Labtools 27-3415] Connecting to cs_server url TCP:localhost:0
INFO: [Labtools 27-3417] Launching cs_server...
INFO: [Labtools 27-2221] Launch Output:


******** Xilinx cs_server v2025.2.0
  ****** Build date   : Nov 14 2025-07:16:52
    **** Build number : 2025.2.1763075812
      ** Copyright 2017-2022 Xilinx, Inc. All Rights Reserved.
      ** Copyright 2022-2026 Advanced Micro Devices, Inc. All Rights Reserved.



connect_hw_server: Time (s): cpu = 00:00:00 ; elapsed = 00:00:09 . Memory (MB): peak = 552.680 ; gain = 7.180
# puts $out "PROGRAMMING NOT_PERFORMED"
# close $out
# catch {close_hw_manager}
# exit
INFO: [Common 17-206] Exiting Vivado at Wed Sep 30 22:48:19 2026...
