Property                Type    Read-only  Value
BANK                    string  true       35
BUFIO_2_REGION          string  true       TR
CLASS                   string  true       package_pin
DIFF_PAIR_PIN           string  true       L16
IS_BONDED               bool    true       1
IS_CLK_CAPABLE          bool    true       1
IS_DIFFERENTIAL         bool    true       1
IS_GENERAL_PURPOSE      bool    true       1
IS_GLOBAL_CLK           bool    true       0
IS_LOW_CAP              bool    true       0
IS_MASTER               bool    true       0
IS_USED                 bool    true       1
IS_VREF                 bool    true       0
IS_VRN                  bool    true       0
IS_VRP                  bool    true       0
MAX_DELAY               int     true       90325
MIN_DELAY               int     true       89427
NAME                    string  true       L17
PIN_FUNC                enum    true       IO_L11N_T1_SRCC_35
PIN_FUNC_COUNT          int     true       2
PKGPIN_BYTEGROUP_INDEX  int     true       0
PKGPIN_NIBBLE_INDEX     int     true       0
